
jshell> BigDecimal number = new BigDecimal("11.5");
number ==> 11.5

jshell> BigDecimal number2 = new BigDecimal("23.45678");
number2 ==> 23.45678

jshell> number.add(number2)
$4 ==> 34.95678

number+number2에서는 아무이상 없이 잘 계산이됬다

jshell> int i = 5
i ==> 5

jshell> number.add(i)
|  Error:
|  incompatible types: int cannot be converted to java.math.BigDecimal
|  number.add(i)
|             ^

number와 변수i 의 합에 이상이있다
BigDecimal은 BigDecimal끼리와 연산이 가능하기 때문이다

그러면 i를 BigDecimal로 만들어야 한다.

jshell> number.add(new BigDecimal(i))
$6 ==> 16.5

이처럼 해주면 정수도 잘 계산이 된다

jshell> number.multiply(new BigDecimal(i))
$7 ==> 57.5
곱셈도 이상이 없고


jshell> number.divide(100)
|  Error:
|  incompatible types: int cannot be converted to java.math.BigDecimal
|  number.divide(100)
|                ^-^

나누기도 당연히 BigDecimal로 변환

jshell> number.divide(new BigDecimal(100))
$8 ==> 0.115
이처럼 이상없이 잘 연산된다

⁂BigDecimal의 연산은 BigDecimal밖에 안된다 
그렇기 때문에 int같은 정수는 BigDecimal로 변환해서 연산해야한다!
